// Jest Snapshot v1, https://goo.gl/fbAQLP

exports[`Header component should render correctly 1`] = `
<Header
  editorialData={
    Object {
      "banner": "Test Banner",
      "title": "Test Title",
    }
  }
/>
`;
