// Jest Snapshot v1, https://goo.gl/fbAQLP

exports[`HomePage component should render correctly 1`] = `
<HomePage
  editorialData={
    Object {
      "banner": "Test Banner",
      "title": "Test Title",
    }
  }
  seoData={
    Object {
      "description": "Home Page Description",
      "title": "Home page",
    }
  }
/>
`;
