// Jest Snapshot v1, https://goo.gl/fbAQLP

exports[`ErrorPage Component should render correctly 1`] = `
<Layout
  className="row"
  hasRightGutter={false}
  id="content-wrapper"
  tabindex="-1"
  title="error"
>
  <HeadTag
    description="error page"
    title="error page"
  />
  <section
    id="notFoundContent"
    style={
      Object {
        "width": "100%",
      }
    }
  >
    Test Message
  </section>
</Layout>
`;
