// Jest Snapshot v1, https://goo.gl/fbAQLP

exports[`<TopBanner /> should render correctly 1`] = `
.c0 {
  opacity: 1;
}

<TopBanner
  className="c0"
>
  Test
</TopBanner>
`;
