// Jest Snapshot v1, https://goo.gl/fbAQLP

exports[`<NavBar /> should render correctly 1`] = `
.c0 {
  opacity: 1;
}

<NavBar
  className="c0"
>
  Test
</NavBar>
`;
